================================================================================
MISMATCH QUERY REMOVAL REPORT
Generated: 2025-12-30 18:05:20
================================================================================

SUMMARY
----------------------------------------
Total test queries removed:  1238
Total train queries removed: 1151
Test queries remaining:      10148
Train queries remaining:     77465
Unique tags affected:        260

REMOVAL COUNTS BY TAG
--------------------------------------------------------------------------------
#     Tag Name                                           Test       Train      Total     
--------------------------------------------------------------------------------
1     persent_address_correction_procedure               49         39         88        
2     irrelevant                                         34         30         64        
3     new_voter_apply_online_what_documents_needed       20         19         39        
4     smart_card_fee                                     18         18         36        
5     goodbye                                            17         16         33        
6     photo_done_years_ago_but_no_card                   16         16         32        
7     smart_card_ai_facial_recognition                   16         15         31        
8     husband_name_previous_card                         15         13         28        
9     foreign_resident_card_registration_query_country.. 15         12         27        
10    voter_slip_lost_how_to_get_nid                     13         13         26        
11    card_information_correction                        13         13         26        
12    correction_application_current_status              14         12         26        
13    bribery_complaint_procedure                        15         11         26        
14    election_office_harassment_complaint               15         10         25        
15    together_present_and_permanent_address_change      13         11         24        
16    closing_statement                                  12         12         24        
17    no_husband_name_in_smart_card                      12         11         23        
18    parent_no_card_failed_to_be_voter                  12         11         23        
19    wish_to_create_nid_smart_card_new                  11         11         22        
20    correction_application_status                      12         10         22        
21    online_application_pending                         11         11         22        
22    present_permanent_address_change_together          12         10         22        
23    reissue_card_collection_from_office                11         11         22        
24    card_correction_request_failed_query_regarding_r.. 11         10         21        
25    correction_wrong_nid_payment_no_refund             11         10         21        
26    reissue_sms_card_download_location                 11         10         21        
27    nid_information_misentry_correction_procedure      10         10         20        
28    migration_fee_dispute_clarification                10         10         20        
29    eight_hours_time_up                                9          10         19        
30    present_address_wrong_type_corrected               10         9          19        
31    smart_card_lost_reissue                            9          9          18        
32    card_correction_request_failed_query_regarding_r.. 9          9          18        
33    address_change_card_download_process               9          9          18        
34    foreign_resident_card_registration_required_docu.. 9          9          18        
35    fingerprint_error_info_not_found                   9          9          18        
36    address_change_no_permanent_documents              9          9          18        
37    correct_documents_rejection_query                  9          9          18        
38    dual_citizen_embassy_nid_process                   10         8          18        
39    dual_citizen_passport_validity_query               9          9          18        
40    duplicate_nid_both_locked_resolution               9          9          18        
41    present_permanent_address_simultaneous             10         8          18        
42    smart_card_second_print_not_available              9          9          18        
43    service_provided                                   9          8          17        
44    account_locked                                     9          8          17        
45    new_voter_online_what_documents_to_submit          10         7          17        
46    present_address_permanent_together                 9          8          17        
47    card_correction_request_canceled_by_consumer_reg.. 8          8          16        
48    new_voter_fees                                     8          8          16        
49    fingerprint_update_applied_not_approved            8          8          16        
50    migration_after_marriage_procedure                 8          8          16        
51    parent_no_nid_alternative_documents                8          8          16        
52    smart_card_hack_security_question                  8          8          16        
53    account_locked_retrials                            8          7          15        
54    new_nid_card_age                                   8          7          15        
55    abroad_embassy_walk_in_registration                8          7          15        
56    urgent_smart_card_online_copy_only                 8          7          15        
57    no_face_verification                               8          6          14        
58    double_voter_registration_issue                    7          7          14        
59    reissue_apply_why_pending_and_urgent_reissue_sev.. 7          7          14        
60    whom_to_communicate_for_dual_citizenship_certifi.. 7          7          14        
61    age_and_dob_correction                             7          7          14        
62    match_found_new_voter_no_nid                       7          7          14        
63    migration_property_ownership_requirement           7          7          14        
64    correction_application_rejected_need_new_fee       7          6          13        
65    nid_adjudication_pending                           7          6          13        
66    abroad_different_names_documents                   7          6          13        
67    disability_foot_prints_afis_alternative            8          5          13        
68    migration_smart_card_availability                  7          6          13        
69    network_problem_during_payment_resolution          7          6          13        
70    new_registration_fee_not_required                  7          6          13        
71    greetings                                          0          13         13        
72    greeting_and_request_for_question                  6          6          12        
73    request_for_feedback_or_suggestions                6          6          12        
74    picture_done_but_lost_or_no_sms_slip               6          6          12        
75    card_lost_no_info_how_to_get_new                   6          6          12        
76    necessary_documents_to_modify_voter_area           6          6          12        
77    smart_card_collection_fees                         6          6          12        
78    dual_citizen_nid_form_difference                   6          6          12        
79    delayed_question_prompt                            0          12         12        
80    not_getting_smart_card_though_newer_voter_getting  6          5          11        
81    voter_migration_done_now_what_to_do_for_reissue    6          5          11        
82    migration_post_office_code_change                  6          5          11        
83    reissue_normal_fee_amount                          7          4          11        
84    online_card_correction                             5          5          10        
85    card_damaged_how_to_get_new_card                   5          5          10        
86    nid_match_found_verification_failed_how_to_solve   5          5          10        
87    smart_card_lost_how_to_get_new_one_again           5          5          10        
88    present_and_permanent_address_generic_new          6          4          10        
89    address_change_incomplete_fields                   5          5          10        
90    address_field_not_showing                          5          5          10        
91    disability_no_hands_fingerprint_exemption          5          5          10        
92    fee_payment_time_limit                             6          4          10        
93    migration_application_fee_amount                   5          5          10        
94    present_address_change_process                     5          5          10        
95    smart_card_distributed_in_my_area_but_my_card_no.. 5          4          9         
96    card_avail_after_address_change                    5          4          9         
97    no_own_house_in_voter_area                         5          4          9         
98    warning_to_prank_caller                            5          4          9         
99    migration_frequency_limit                          5          4          9         
100   foreign_resident_card_registration_process         4          4          8         
101   new_voter_no_messages_from_upzila_or_thana         4          4          8         
102   all_documents_correct_but_application_rejected_why 4          4          8         
103   card_reissue_fees                                  4          4          8         
104   parents_or_spouse_death_related_documents_to_dec.. 4          4          8         
105   permanent_address_change_process_duration          4          4          8         
106   correction_application_status_not_showing          5          3          8         
107   investigation_report_delay_complaint               4          4          8         
108   orphan_address_without_parents                     4          4          8         
109   permanent_address_field_missing                    4          4          8         
110   photo_done_repeat_sms_received                     4          4          8         
111   present_permanent_address_single_location          4          4          8         
112   profession_government_to_housewife_documents       4          4          8         
113   reissue_smart_card_option_unavailable              4          4          8         
114   smart_card_self_recharge_capability                5          3          8         
115   card_lost_and_damaged_cost                         3          3          6         
116   photo_sms_but_not_in_upzila_other_when             3          3          6         
117   new_voter_application_cancelled                    4          2          6         
118   new_voter_can_not_download_card_with_form_number   3          3          6         
119   online_previously_registered                       3          3          6         
120   no_upzila_in_online_registration                   3          3          6         
121   how_to_complain_not_getting_help_from_election_o.. 3          3          6         
122   online_portal_registration                         3          3          6         
123   account_locked_unlock_request                      3          3          6         
124   address_change_online_new                          3          3          6         
125   bkash_mfs_payment_process                          3          3          6         
126   nid_registration_age                               3          3          6         
127   previous_information_in_downloaded_card_after_co.. 3          3          6         
128   request_for_clear_pronunciation                    3          3          6         
129   smart_card_status                                  3          3          6         
130   updated_nid_after_correction                       3          3          6         
131   voter_area_change_not_reflected                    3          3          6         
132   migration_transfer_difference                      3          3          6         
133   multiple_forms_submitted_which_valid               3          3          6         
134   profession_incorrect_government_correction         3          3          6         
135   religion_addition_documents_required               3          3          6         
136   smart_card_online_services_access                  4          2          6         
137   ministry_provide_dual_citizenship_certificate      3          2          5         
138   agent_calling                                      3          2          5         
139   underaged_card_holder_to_voter                     3          2          5         
140   voter_area_change                                  3          2          5         
141   migration_fee_amount_query                         3          2          5         
142   reissue_no_nid_info_how_to_apply                   3          2          5         
143   smart_card_brain_connection_thought_reading        3          2          5         
144   new_voter_application_not_submitted_to_upazila_o.. 2          2          4         
145   spouse_name_correction_new                         2          2          4         
146   how_to_apply_for_correction_in_online_portal       2          2          4         
147   card_lost_new_card_fee                             2          2          4         
148   educational_qualification_correction               2          2          4         
149   address_change_sms_to_mobile_how_many_days_to_ge.. 2          2          4         
150   finderprint_adjudication_pending                   2          2          4         
151   foreign_resident_action_after_biometrics_new       2          2          4         
152   foreign_resident_nid_adjudication_pending          2          2          4         
153   new_voter_card_not_taken_has_form_no_can_not_reg.. 2          2          4         
154   nid_wallet_download_alternative                    2          2          4         
155   nid_wallet_download_iphone                         2          2          4         
156   no_android_phone                                   2          2          4         
157   no_upzila_in_permananet_address                    2          2          4         
158   nrb_application_status                             2          2          4         
159   online_card_correction_application_done_now_what   2          2          4         
160   profession_change                                  3          1          4         
161   receipt_lost_how_to_get_new_card                   2          2          4         
162   sms_after_picture_how_many_days                    2          2          4         
163   voter_card_damaged                                 2          2          4         
164   way_to_cancel_correction_application               2          2          4         
165   whether_nid_card_required_for_dual_citizenship     2          2          4         
166   wrong_information_in_online_application_what_to_do 2          2          4         
167   abroad_remittance_warrior_label_request            2          2          4         
168   address_change_old_card_usage                      2          2          4         
169   address_change_update_timing                       2          2          4         
170   disability_no_hands_registration_procedure         2          2          4         
171   document_submission_photo_sms_timing               2          2          4         
172   fingerprint_not_working_bio_update_failed          2          2          4         
173   fire_victim_identification_procedure               2          2          4         
174   homeless_rootless_voter_registration_address       2          2          4         
175   match_found_resolution_no_fee                      2          2          4         
176   overpayment_refund_not_possible                    2          2          4         
177   photo_done_nid_number_timing                       2          2          4         
178   present_address_change_fees                        2          2          4         
179   reissue_eligibility_criteria                       2          2          4         
180   reissue_urgent_card_delivery_time                  2          2          4         
181   smart_card_chip_damage_replacement                 2          2          4         
182   smart_card_chip_functionality_details              2          2          4         
183   voter_area_change_ongoing                          2          1          3         
184   new_voter_pre_condition                            2          1          3         
185   foreign_resident_multiple_registration_new         2          1          3         
186   information_correct_but_account_locked             2          1          3         
187   address_change_no_house_number                     2          1          3         
188   migration_parent_spouse_address_required           2          1          3         
189   correction_slip_lost_can_get_card                  1          1          2         
190   birth_certificate_and_ssc_certificate_different_.. 1          1          2         
191   new_voter_got_normal_card_when_get_smart_card      1          1          2         
192   voter_area_change_online                           1          1          2         
193   smart_card_printing_status_sms_how                 1          1          2         
194   husband_talak_name_remove                          1          1          2         
195   ask_if_any_other_questions                         1          1          2         
196   card_correction_fees                               1          1          2         
197   cell_phone_number_correct_or_add_document_new      1          1          2         
198   face_verification_no_next_option                   1          1          2         
199   foreign_resident_card_picture_done__inquery_done.. 1          1          2         
200   foreign_resident_card_picture_done_not_inquery_f.. 1          1          2         
201   foreign_resident_card_registration_rejected        1          1          2         
202   login_using_old_id_password                        1          1          2         
203   new_voter_but_card_rejected                        1          1          2         
204   new_voter_card_getting_time                        1          1          2         
205   new_voter_how_to_get_card                          1          1          2         
206   new_voter_smart_card_how_to_get                    1          1          2         
207   nid_wallet_download                                1          1          2         
208   no_otp_in_registration                             1          1          2         
209   online_apply                                       1          1          2         
210   online_new_voter_registration                      1          1          2         
211   online_no_apply                                    1          1          2         
212   permanent_address_change_fees                      1          1          2         
213   photo_correction                                   1          1          2         
214   photo_signature_change_application_not_approved    1          1          2         
215   present_address_change_process_duration            1          1          2         
216   reigister_as_new_voter_but_birth_registration_di.. 1          1          2         
217   smart_card_collect_by_other                        1          1          2         
218   smart_card_from_where                              1          1          2         
219   smart_card_ready_sms                               1          1          2         
220   smart_card_selected_but_get_pdf                    1          1          2         
221   voter_halnagad_registration_not_done               1          1          2         
222   voter_slip_lost_how_to_get_new_card                1          1          2         
223   birth_date_no_proof_model                          1          1          2         
224   abroad_current_address_issue                       1          1          2         
225   abroad_illegal_resident_nid                        1          1          2         
226   abroad_smart_card_priority_request                 1          1          2         
227   address_change_download_option                     1          1          2         
228   address_change_smart_card_availability             1          1          2         
229   address_change_which_office                        1          1          2         
230   address_no_permanent_housing                       1          1          2         
231   address_type_difference_confusion                  1          1          2         
232   age_change_over_five_years_documents               1          1          2         
233   correction_nid_number_unchanged                    1          1          2         
234   deceased_person_reissue_not_allowed                1          1          2         
235   disability_lost_fingers_after_registration         1          1          2         
236   divorce_address_change_procedure                   1          1          2         
237   form_number_lost_alternative_download              1          1          2         
238   freelancing_smart_card_urgent_need                 1          1          2         
239   land_office_nid_verification_problem               1          1          2         
240   migration_form_thirteen_procedure                  1          1          2         
241   migration_permanent_present_address_confusion      1          1          2         
242   migration_personal_attendance_required             1          1          2         
243   mobile_number_card_display_suggestion              1          1          2         
244   offline_application_method                         1          1          2         
245   parent_death_date_addition_documents               1          1          2         
246   permanent_address_modification_fees                1          1          2         
247   present_address_field_missing                      1          1          2         
248   reissue_nid_number_change_query                    1          1          2         
249   reissue_smart_card_download_not_available          1          1          2         
250   smart_card_chip_corrosion_issue                    1          1          2         
251   smart_card_damaged_chip_functionality              1          1          2         
252   smart_card_eeprom_memory_limitations               1          1          2         
253   smart_card_future_technology_replacement           1          1          2         
254   voter_area_village_name_correction                 1          1          2         
255   voting_smart_card_requirement                      1          1          2         
256   correction_fee_submitted_but_balance_zero          1          0          1         
257   faster_voter_registration                          1          0          1         
258   form_number_not_working                            1          0          1         
259   one_mobile_number_how_many_time_registration       1          0          1         
260   reissue_normal_to_urgent_upgrade_not_possible      1          0          1         
--------------------------------------------------------------------------------
TOTAL                                                    1238       1151       2389      
================================================================================
